  % Total    % Received % Xferd  Average Speed   Time    Time     Time  Current
                                 Dload  Upload   Total   Spent    Left  Speed
  0     0    0     0    0     0      0      0 --:--:-- --:--:-- --:--:--     0data: {"type":"started","timestamp":"2025-10-21T04:31:14.305Z"}

data: {"type":"step","step":1,"name":"query-understanding","status":"completed","query":"coffee shop in Austin"}

data: {"type":"step","step":2,"name":"google-maps-discovery","status":"started"}

100   488    0   261  100   227    214    186  0:00:01  0:00:01 --:--:--   401data: {"type":"step","step":2,"status":"completed","found":1}

data: {"type":"progress","current":1,"total":1,"company":"Mozart's Coffee Roasters","step":"processing"}

100   657    0   430  100   227    254    134  0:00:01  0:00:01 --:--:--   388100   657    0   430  100   227    159     84  0:00:02  0:00:02 --:--:--   244100   657    0   430  100   227    116     61  0:00:03  0:00:03 --:--:--   177100   657    0   430  100   227     91     48  0:00:04  0:00:04 --:--:--   139100   657    0   430  100   227     75     39  0:00:05  0:00:05 --:--:--    37100   657    0   430  100   227     63     33  0:00:06  0:00:06 --:--:--     0100   657    0   430  100   227     55     29  0:00:07  0:00:07 --:--:--     0100   657    0   430  100   227     49     25  0:00:09  0:00:08  0:00:01     0100   657    0   430  100   227     44     23  0:00:09  0:00:09 --:--:--     0100   657    0   430  100   227     39     21  0:00:10  0:00:10 --:--:--     0100   657    0   430  100   227     36     19  0:00:11  0:00:11 --:--:--     0100   657    0   430  100   227     33     17  0:00:13  0:00:12  0:00:01     0100   657    0   430  100   227     31     16  0:00:14  0:00:13  0:00:01     0100   657    0   430  100   227     29     15  0:00:15  0:00:14  0:00:01     0100   657    0   430  100   227     27     14  0:00:16  0:00:15  0:00:01     0100   657    0   430  100   227     25     13  0:00:17  0:00:16  0:00:01     0100   657    0   430  100   227     24     12  0:00:18  0:00:17  0:00:01     0100   657    0   430  100   227     22     12  0:00:18  0:00:18 --:--:--     0100   657    0   430  100   227     21     11  0:00:20  0:00:19  0:00:01     0100   657    0   430  100   227     20     10  0:00:22  0:00:20  0:00:02     0data: {"type":"complete","runId":"027c8586-541b-4464-857b-b3993b2d180a","found":1,"verified":1,"saved":1,"skipped":0,"failed":0,"cost":0.01,"timeMs":21242,"prospects":[{"id":"4848cc10-26a9-4fa9-9eb6-f2bd4732c34c","company_name":"Mozart's Coffee Roasters","industry":"Bakery","website":"http://mozartscoffee.com/","website_status":"active","city":"Austin","state":"TX","address":"3825 Lake Austin Blvd, Austin, TX 78703, United States","contact_email":"customerservice@mozartscoffee.com","contact_phone":"(512) 477-2900","contact_name":"Us\n\n\n\n\nMOZART","description":"Visit our Lake Austin location for locally roasted coffee, cakes, cupcakes, cookies, and more, with gluten-free and vegan desserts too. Or order Mozart's coffee by the pound and other gifts online now!","services":["Signature Blend Trio","Porsche Oktoberfest","Late at the Lake","Bakery","Coffee Blends","Events","Paddleboarding"],"google_place_id":"ChIJTWZhRFW1RIYRrdGa7DPzT7w","google_rating":4.5,"google_review_count":9977,"social_profiles":{"tiktok":null,"twitter":null,"youtube":null,"facebook":"https://www.facebook.com/MozartsCoffeeRoasters","linkedin":"https://www.linkedin.com/company/mozart's-coffee-roasters","instagram":"https://www.instagram.com/mozartscoffee"},"social_metadata":{"facebook":{"name":"Mozart's Coffee Roasters | Austin TX","image":"https://scontent-iad3-2.xx.fbcdn.net/v/t39.30808-1/327222940_5789951731091282_3165556093878769829_n.jpg?stp=dst-jpg_tt6&cstp=mx800x800&ctp=s720x720&_nc_cat=105&ccb=1-7&_nc_sid=3ab345&_nc_ohc=znGrI4fzoksQ7kNvwGS_UCK&_nc_oc=AdnmePnFrWlfECAbv0AShR48zakBj03EG6-gO62N_0wh_-0gQEgPyrNtrgswox8YqagJ1296HTbJNkcUyzQhhedy&_nc_zt=24&_nc_ht=scontent-iad3-2.xx&_nc_gid=VVfUKuYSoxHdWVJtzxH6TA&oh=00_AfeO2AS86hXYi0IUaVVRt_n6QIt_P2v0L9S1aRLWZnw65w&oe=68FCF335","platform":"facebook","description":"Mozart's Coffee Roasters, Austin. 33,090 likes · 1,041 talking about this · 141,173 were here. ATX Locally Owned & Operated ca. '93\nOpen Every Day 7am-12am\nLive Music | Thurs-Sun"},"linkedin":{"name":"Mozart&#39;s Coffee Roasters | LinkedIn","image":"https://media.licdn.com/dms/image/v2/C4E0BAQHZiqXbkaiYWQ/company-logo_200_200/company-logo_200_200/0/1630596934642/mozarts_coffee_roasters_logo?e=2147483647&v=beta&t=RUrzOLUbzhCaBhx3ck7TK3ZXQ_V9yJDQmPwtf8NmHiw","platform":"linkedin","description":"Mozart&#39;s Coffee Roasters | 303 followers on LinkedIn. Grand Cafe, Coffee Roaster &amp; Bakery.\n\nThe first in-house coffee roaster in Austin, TX. | Mozart&#39;s Coffee Roasters is an iconic one-of-kind Austin brand. We produce small-batch artisan coffees from around the world. Operating a scratch bakery on-premise and producing European style hand-made, hand-cut freshly baked cakes, bars, cookies, and savory items such as sandwiches, tacos, and empanadas much in the style of a Grand Cafe is our speciality."},"instagram":{"name":"Mozart’s Coffee Roasters (@mozartscoffee) • Instagram photos and videos","image":"https://scontent-iad3-1.cdninstagram.com/v/t51.2885-19/46481970_1217922115032294_3157000957712138240_n.jpg?stp=dst-jpg_s100x100_tt6&_nc_cat=104&ccb=7-5&_nc_sid=bf7eb4&efg=eyJ2ZW5jb2RlX3RhZyI6InByb2ZpbGVfcGljLnd3dy4xMDgwLkMzIn0%3D&_nc_ohc=WdtSvaY9Ie4Q7kNvwH5YUaI&_nc_oc=AdlfnbxdnPc77hIHIltsIYR69138I7Wu5QH98ax126KRiLMkoeTwmlByYy1cc3Kzs0W3VrU__hlq_JoQ5FYpGDAf&_nc_zt=24&_nc_ht=scontent-iad3-1.cdninstagram.com&oh=00_AfeaytoDifw_2kKC_Yockq3M5k_8j8zWwFUfwlQ7XB7Aew&oe=68FCEFD7","platform":"instagram","username":"accounts","description":"66K Followers, 716 Following, 4,078 Posts - See Instagram photos and videos from Mozart’s Coffee Roasters (@mozartscoffee)"}},"icp_match_score":null,"is_relevant":true,"status":"ready_for_analysis","run_id":"027c8586-541b-4464-857b-b3993b2d180a","source":"prospecting-engine","discovery_cost":0,"discovery_time_ms":20535,"created_at":"2025-10-21T04:31:35.164431+00:00","updated_at":"2025-10-21T04:31:35.164431+00:00","icp_brief_snapshot":{"city":"Austin","count":1,"industry":"coffee shop"}}],"websitesScraped":null}

data: {"type":"complete","results":{"runId":"027c8586-541b-4464-857b-b3993b2d180a","found":1,"verified":1,"saved":1,"skipped":0,"failed":0,"cost":0.01,"timeMs":21242,"prospects":[{"id":"4848cc10-26a9-4fa9-9eb6-f2bd4732c34c","company_name":"Mozart's Coffee Roasters","industry":"Bakery","website":"http://mozartscoffee.com/","website_status":"active","city":"Austin","state":"TX","address":"3825 Lake Austin Blvd, Austin, TX 78703, United States","contact_email":"customerservice@mozartscoffee.com","contact_phone":"(512) 477-2900","contact_name":"Us\n\n\n\n\nMOZART","description":"Visit our Lake Austin location for locally roasted coffee, cakes, cupcakes, cookies, and more, with gluten-free and vegan desserts too. Or order Mozart's coffee by the pound and other gifts online now!","services":["Signature Blend Trio","Porsche Oktoberfest","Late at the Lake","Bakery","Coffee Blends","Events","Paddleboarding"],"google_place_id":"ChIJTWZhRFW1RIYRrdGa7DPzT7w","google_rating":4.5,"google_review_count":9977,"social_profiles":{"tiktok":null,"twitter":null,"youtube":null,"facebook":"https://www.facebook.com/MozartsCoffeeRoasters","linkedin":"https://www.linkedin.com/company/mozart's-coffee-roasters","instagram":"https://www.instagram.com/mozartscoffee"},"social_metadata":{"facebook":{"name":"Mozart's Coffee Roasters | Austin TX","image":"https://scontent-iad3-2.xx.fbcdn.net/v/t39.30808-1/327222940_5789951731091282_3165556093878769829_n.jpg?stp=dst-jpg_tt6&cstp=mx800x800&ctp=s720x720&_nc_cat=105&ccb=1-7&_nc_sid=3ab345&_nc_ohc=znGrI4fzoksQ7kNvwGS_UCK&_nc_oc=AdnmePnFrWlfECAbv0AShR48zakBj03EG6-gO62N_0wh_-0gQEgPyrNtrgswox8YqagJ1296HTbJNkcUyzQhhedy&_nc_zt=24&_nc_ht=scontent-iad3-2.xx&_nc_gid=VVfUKuYSoxHdWVJtzxH6TA&oh=00_AfeO2AS86hXYi0IUaVVRt_n6QIt_P2v0L9S1aRLWZnw65w&oe=68FCF335","platform":"facebook","description":"Mozart's Coffee Roasters, Austin. 33,090 likes · 1,041 talking about this · 141,173 were here. ATX Locally Owned & Operated ca. '93\nOpen Every Day 7am-12am\nLive Music | Thurs-Sun"},"linkedin":{"name":"Mozart&#39;s Coffee Roasters | LinkedIn","image":"https://media.licdn.com/dms/image/v2/C4E0BAQHZiqXbkaiYWQ/company-logo_200_200/company-logo_200_200/0/1630596934642/mozarts_coffee_roasters_logo?e=2147483647&v=beta&t=RUrzOLUbzhCaBhx3ck7TK3ZXQ_V9yJDQmPwtf8NmHiw","platform":"linkedin","description":"Mozart&#39;s Coffee Roasters | 303 followers on LinkedIn. Grand Cafe, Coffee Roaster &amp; Bakery.\n\nThe first in-house coffee roaster in Austin, TX. | Mozart&#39;s Coffee Roasters is an iconic one-of-kind Austin brand. We produce small-batch artisan coffees from around the world. Operating a scratch bakery on-premise and producing European style hand-made, hand-cut freshly baked cakes, bars, cookies, and savory items such as sandwiches, tacos, and empanadas much in the style of a Grand Cafe is our speciality."},"instagram":{"name":"Mozart’s Coffee Roasters (@mozartscoffee) • Instagram photos and videos","image":"https://scontent-iad3-1.cdninstagram.com/v/t51.2885-19/46481970_1217922115032294_3157000957712138240_n.jpg?stp=dst-jpg_s100x100_tt6&_nc_cat=104&ccb=7-5&_nc_sid=bf7eb4&efg=eyJ2ZW5jb2RlX3RhZyI6InByb2ZpbGVfcGljLnd3dy4xMDgwLkMzIn0%3D&_nc_ohc=WdtSvaY9Ie4Q7kNvwH5YUaI&_nc_oc=AdlfnbxdnPc77hIHIltsIYR69138I7Wu5QH98ax126KRiLMkoeTwmlByYy1cc3Kzs0W3VrU__hlq_JoQ5FYpGDAf&_nc_zt=24&_nc_ht=scontent-iad3-1.cdninstagram.com&oh=00_AfeaytoDifw_2kKC_Yockq3M5k_8j8zWwFUfwlQ7XB7Aew&oe=68FCEFD7","platform":"instagram","username":"accounts","description":"66K Followers, 716 Following, 4,078 Posts - See Instagram photos and videos from Mozart’s Coffee Roasters (@mozartscoffee)"}},"icp_match_score":null,"is_relevant":true,"status":"ready_for_analysis","run_id":"027c8586-541b-4464-857b-b3993b2d180a","source":"prospecting-engine","discovery_cost":0,"discovery_time_ms":20535,"created_at":"2025-10-21T04:31:35.164431+00:00","updated_at":"2025-10-21T04:31:35.164431+00:00","icp_brief_snapshot":{"city":"Austin","count":1,"industry":"coffee shop"}}],"websitesScraped":null},"timestamp":"2025-10-21T04:31:35.548Z"}

100  8700    0  8473  100   227    398     10  0:00:22  0:00:21  0:00:01  1809
